[INFO] Scanning for projects...
[INFO] 
[INFO] ------------------< com.befapress:befa-press-backend >------------------
[INFO] Building BEFA Press Backend 1.0.0
[INFO]   from pom.xml
[INFO] --------------------------------[ jar ]---------------------------------
[WARNING] The artifact com.itextpdf:itext7-core:pom:8.0.2 has been relocated to com.itextpdf:itext-core:pom:8.0.2
[INFO] 
[INFO] --- clean:3.4.0:clean (default-clean) @ befa-press-backend ---
[INFO] Deleting C:\Users\Ermiyas\Desktop\BEFA Press\backend\target
[INFO] 
[INFO] --- resources:3.3.1:resources (default-resources) @ befa-press-backend ---
[INFO] Copying 4 resources from src\main\resources to target\classes
[INFO] Copying 4 resources from src\main\resources to target\classes
[INFO] 
[INFO] --- compiler:3.13.0:compile (default-compile) @ befa-press-backend ---
[INFO] Recompiling the module because of changed source code.
[INFO] Compiling 163 source files with javac [debug parameters release 17] to target\classes
[INFO] -------------------------------------------------------------
[WARNING] COMPILATION WARNING : 
[INFO] -------------------------------------------------------------
[WARNING] /C:/Users/Ermiyas/Desktop/BEFA Press/backend/src/main/java/com/befapress/dto/response/AuthResponse.java:[15,20] @Builder will ignore the initializing expression entirely. If you want the initializing expression to serve as default, add @Builder.Default. If it is not supposed to be settable during building, make the field final.
[WARNING] /C:/Users/Ermiyas/Desktop/BEFA Press/backend/src/main/java/com/befapress/entity/SocialPlatformConfig.java:[31,21] @Builder will ignore the initializing expression entirely. If you want the initializing expression to serve as default, add @Builder.Default. If it is not supposed to be settable during building, make the field final.
[WARNING] /C:/Users/Ermiyas/Desktop/BEFA Press/backend/src/main/java/com/befapress/entity/SocialPlatformConfig.java:[49,21] @Builder will ignore the initializing expression entirely. If you want the initializing expression to serve as default, add @Builder.Default. If it is not supposed to be settable during building, make the field final.
[WARNING] /C:/Users/Ermiyas/Desktop/BEFA Press/backend/src/main/java/com/befapress/entity/SocialPlatformConfig.java:[53,21] @Builder will ignore the initializing expression entirely. If you want the initializing expression to serve as default, add @Builder.Default. If it is not supposed to be settable during building, make the field final.
[WARNING] /C:/Users/Ermiyas/Desktop/BEFA Press/backend/src/main/java/com/befapress/entity/Advertisement.java:[90,21] @Builder will ignore the initializing expression entirely. If you want the initializing expression to serve as default, add @Builder.Default. If it is not supposed to be settable during building, make the field final.
[INFO] 5 warnings 
[INFO] -------------------------------------------------------------
[INFO] -------------------------------------------------------------
[ERROR] COMPILATION ERROR : 
[INFO] -------------------------------------------------------------
[ERROR] /C:/Users/Ermiyas/Desktop/BEFA Press/backend/src/main/java/com/befapress/service/social/SocialShareService.java:[20,2] cannot find symbol
  symbol: class RequiredArgsConstructor
[INFO] 1 error
[INFO] -------------------------------------------------------------
[INFO] ------------------------------------------------------------------------
[INFO] BUILD FAILURE
[INFO] ------------------------------------------------------------------------
[INFO] Total time:  27.828 s
[INFO] Finished at: 2026-01-15T23:41:52+03:00
[INFO] ------------------------------------------------------------------------
[ERROR] Failed to execute goal org.apache.maven.plugins:maven-compiler-plugin:3.13.0:compile (default-compile) on project befa-press-backend: Compilation failure
[ERROR] /C:/Users/Ermiyas/Desktop/BEFA Press/backend/src/main/java/com/befapress/service/social/SocialShareService.java:[20,2] cannot find symbol
[ERROR]   symbol: class RequiredArgsConstructor
[ERROR] -> [Help 1]
[ERROR] 
[ERROR] To see the full stack trace of the errors, re-run Maven with the -e switch.
[ERROR] Re-run Maven using the -X switch to enable full debug logging.
[ERROR] 
[ERROR] For more information about the errors and possible solutions, please read the following articles:
[ERROR] [Help 1] http://cwiki.apache.org/confluence/display/MAVEN/MojoFailureException
